// Jest Snapshot v1, https://goo.gl/fbAQLP

exports[`test CollectionItem should match snapshot 1`] = `ShallowWrapper {}`;
