// Jest Snapshot v1, https://goo.gl/fbAQLP

exports[`ShopPage test ShopPage snapshot 1`] = `ReactWrapper {}`;
