// Jest Snapshot v1, https://goo.gl/fbAQLP

exports[`test CheckoutPage snapshot 1`] = `ShallowWrapper {}`;
