// Jest Snapshot v1, https://goo.gl/fbAQLP

exports[`test SigninAndSignupPage snapshot 1`] = `ShallowWrapper {}`;
