// Jest Snapshot v1, https://goo.gl/fbAQLP

exports[`test MenuItem should match snapshot 1`] = `ShallowWrapper {}`;
