// Jest Snapshot v1, https://goo.gl/fbAQLP

exports[`CollectionPage test CollectionPage snapshot 1`] = `ShallowWrapper {}`;
