// Jest Snapshot v1, https://goo.gl/fbAQLP

exports[`test CollectionPreview should match snapshot 1`] = `ShallowWrapper {}`;
