// Jest Snapshot v1, https://goo.gl/fbAQLP

exports[`test Header should match snapshot 1`] = `ShallowWrapper {}`;
