// Jest Snapshot v1, https://goo.gl/fbAQLP

exports[`test Directory should match snapshot 1`] = `ShallowWrapper {}`;
