// Jest Snapshot v1, https://goo.gl/fbAQLP

exports[`test HomePage snapshot 1`] = `ShallowWrapper {}`;
